{"level":"info","ts":1779777851.145149,"msg":"Hello Sugar"}
{"level":"info","ts":1779777851.1456687,"msg":"Hello","email":"vu@gmail.com"}
{"level":"warn","ts":1779777851.1456687,"msg":"Hello Sugar"}
{"level":"warn","ts":1779777851.1456687,"msg":"Hello","email":"vu@gmail.com"}
{"level":"error","ts":1779777851.1456687,"msg":"Hello Sugar"}
{"level":"error","ts":1779777851.1456687,"msg":"Hello","email":"vu@gmail.com"}
{"level":"info","ts":1779777883.4782748,"msg":"Hello Sugar"}
{"level":"info","ts":1779777883.4782748,"msg":"Hello","email":"vu@gmail.com"}
{"level":"warn","ts":1779777883.4788196,"msg":"Hello Sugar"}
{"level":"warn","ts":1779777883.4788196,"msg":"Hello","email":"vu@gmail.com"}
{"level":"error","ts":1779777883.4788196,"msg":"Hello Sugar"}
{"level":"error","ts":1779777883.4788196,"msg":"Hello","email":"vu@gmail.com"}
{"level":"info","ts":1779777923.070318,"msg":"Hello Sugar"}
{"level":"info","ts":1779777923.070844,"msg":"Hello","email":"vu@gmail.com"}
{"level":"warn","ts":1779777923.070844,"msg":"Hello Sugar"}
{"level":"warn","ts":1779777923.070844,"msg":"Hello","email":"vu@gmail.com"}
{"level":"error","ts":1779777923.070844,"msg":"Hello Sugar"}
{"level":"error","ts":1779777923.070844,"msg":"Hello","email":"vu@gmail.com"}
{"level":"info","ts":1779777928.2389145,"msg":"Hello Sugar"}
{"level":"info","ts":1779777928.2389145,"msg":"Hello","email":"vu@gmail.com"}
{"level":"warn","ts":1779777928.2389145,"msg":"Hello Sugar"}
{"level":"warn","ts":1779777928.2389145,"msg":"Hello","email":"vu@gmail.com"}
{"level":"error","ts":1779777928.2389145,"msg":"Hello Sugar"}
{"level":"error","ts":1779777928.2389145,"msg":"Hello","email":"vu@gmail.com"}
{"level":"info","ts":1779777938.7207596,"msg":"Hello Sugar"}
{"level":"info","ts":1779777938.7207596,"msg":"Hello","email":"vu@gmail.com"}
{"level":"warn","ts":1779777938.7207596,"msg":"Hello Sugar"}
{"level":"warn","ts":1779777938.7207596,"msg":"Hello","email":"vu@gmail.com"}
{"level":"error","ts":1779777938.7207596,"msg":"Hello Sugar"}
{"level":"error","ts":1779777938.7207596,"msg":"Hello","email":"vu@gmail.com"}
{"level":"info","ts":1779777966.7129853,"msg":"Hello Sugar"}
{"level":"info","ts":1779777966.7135315,"msg":"Hello","email":"vu@gmail.com"}
{"level":"warn","ts":1779777966.7135315,"msg":"Hello Sugar"}
{"level":"warn","ts":1779777966.7135315,"msg":"Hello","email":"vu@gmail.com"}
{"level":"error","ts":1779777966.7135315,"msg":"Hello Sugar"}
{"level":"error","ts":1779777966.7135315,"msg":"Hello","email":"vu@gmail.com"}
{"level":"info","ts":1779778035.6270318,"msg":"Hello Sugar"}
{"level":"info","ts":1779778035.6275856,"msg":"Hello","email":"vu@gmail.com"}
{"level":"warn","ts":1779778035.6275856,"msg":"Hello Sugar"}
{"level":"warn","ts":1779778035.6275856,"msg":"Hello","email":"vu@gmail.com"}
{"level":"error","ts":1779778035.6275856,"msg":"Hello Sugar"}
{"level":"error","ts":1779778035.6275856,"msg":"Hello","email":"vu@gmail.com"}
